V3 15
FL /home/gjehle/Development/shackspace/hgg/hardware/flutter/flutter0/counter.vhd 2012/02/18.13:21:56 O.87xd
EN work/counter 1329593482 \
      FL /home/gjehle/Development/shackspace/hgg/hardware/flutter/flutter0/counter.vhd \
      PB ieee/std_logic_1164 1325952872 PB ieee/std_logic_arith 1325952873 \
      PB ieee/STD_LOGIC_UNSIGNED 1325952875
AR work/counter/Behavioral 1329593483 \
      FL /home/gjehle/Development/shackspace/hgg/hardware/flutter/flutter0/counter.vhd \
      EN work/counter 1329593482
FL /home/gjehle/Development/shackspace/hgg/hardware/flutter/flutter0/output_combinator.vhd 2012/02/18.20:24:37 O.87xd
EN work/output_combinator 1329593486 \
      FL /home/gjehle/Development/shackspace/hgg/hardware/flutter/flutter0/output_combinator.vhd \
      PB ieee/std_logic_1164 1325952872
AR work/output_combinator/Behavioral 1329593487 \
      FL /home/gjehle/Development/shackspace/hgg/hardware/flutter/flutter0/output_combinator.vhd \
      EN work/output_combinator 1329593486
FL /home/gjehle/Development/shackspace/hgg/hardware/flutter/flutter0/sipo.vhd 2012/02/18.19:05:32 O.87xd
EN work/sipo 1329593484 \
      FL /home/gjehle/Development/shackspace/hgg/hardware/flutter/flutter0/sipo.vhd \
      PB ieee/std_logic_1164 1325952872
AR work/sipo/Behavioral 1329593485 \
      FL /home/gjehle/Development/shackspace/hgg/hardware/flutter/flutter0/sipo.vhd \
      EN work/sipo 1329593484
FL /home/gjehle/Development/shackspace/hgg/hardware/flutter/flutter0/timesrc.vhd 2012/02/18.20:29:03 O.87xd
EN work/timesrc 1329593488 \
      FL /home/gjehle/Development/shackspace/hgg/hardware/flutter/flutter0/timesrc.vhd \
      PB ieee/std_logic_1164 1325952872
AR work/timesrc/Behavioral 1329593489 \
      FL /home/gjehle/Development/shackspace/hgg/hardware/flutter/flutter0/timesrc.vhd \
      EN work/timesrc 1329593488 CP counter CP sipo CP output_combinator
