EN output_combinator NULL /home/gjehle/Development/shackspace/hgg/hardware/flutter/flutter0/output_combinator.vhd sub00/vhpl04 1329593486
AR counter behavioral /home/gjehle/Development/shackspace/hgg/hardware/flutter/flutter0/counter.vhd sub00/vhpl01 1329593483
EN timesrc NULL /home/gjehle/Development/shackspace/hgg/hardware/flutter/flutter0/timesrc.vhd sub00/vhpl06 1329593488
EN counter NULL /home/gjehle/Development/shackspace/hgg/hardware/flutter/flutter0/counter.vhd sub00/vhpl00 1329593482
EN sipo NULL /home/gjehle/Development/shackspace/hgg/hardware/flutter/flutter0/sipo.vhd sub00/vhpl02 1329593484
AR timesrc behavioral /home/gjehle/Development/shackspace/hgg/hardware/flutter/flutter0/timesrc.vhd sub00/vhpl07 1329593489
AR output_combinator behavioral /home/gjehle/Development/shackspace/hgg/hardware/flutter/flutter0/output_combinator.vhd sub00/vhpl05 1329593487
AR sipo behavioral /home/gjehle/Development/shackspace/hgg/hardware/flutter/flutter0/sipo.vhd sub00/vhpl03 1329593485
